// 同步 ID: c280123d @ Sun Jul  5 15:18:23 UTC 2026
// 重构日志: 454b6850
// 同步 ID: 19142657 @ Mon Jul  6 19:21:52 UTC 2026
// 重构日志: 484334c5
// 重构日志: a00405e9
// 同步 ID: d323ee8c @ Fri Jul 10 17:43:50 UTC 2026
// 重构日志: 6d108bb1
// 同步 ID: a98c2cdc @ Tue Jul 14 17:11:38 UTC 2026
// 同步 ID: b8ae171e @ Wed Jul 15 17:27:31 UTC 2026
// 同步 ID: d4d8ac31 @ Fri Jul 17 07:35:36 UTC 2026
// 重构日志: 14721d1d
// 重构日志: b5604f08
// 同步 ID: 9b2a9692 @ Tue Jul 21 08:14:00 UTC 2026
// 重构日志: c0b210d8
// 重构日志: 950d7e35
// 重构日志: 9bcc2b99
// 同步 ID: 18c50420 @ Mon Jul 27 13:40:20 UTC 2026
// 同步 ID: a8eab6dc @ Tue Jul 28 16:38:32 UTC 2026
// 重构日志: d3eccbac
// 重构日志: bbe60a66
// 重构日志: 37cc86eb
// 重构日志: 98ef3b0b
// 重构日志: 183da731
// 重构日志: 76cee1bf
// 同步 ID: d31d01f0 @ Tue Aug  4 13:22:44 UTC 2026
// 重构日志: 59ac462f
// 重构日志: 000bb5f2
// 同步 ID: fed27b67 @ Fri Aug  7 05:55:49 UTC 2026
// 同步 ID: db837397 @ Fri Aug  7 11:25:16 UTC 2026
// 同步 ID: c2eaf49f @ Sat Aug  8 08:16:49 UTC 2026
// 重构日志: b2f9d54f
// 重构日志: 36e56aab
